[2026-02-09 21:12:38] System Profile: 4 Cores, 16GB RAM
[2026-02-09 21:12:38] ============================================================
[2026-02-09 21:12:38] 🤖 VYOM OPTIMIZER: ACTIVE (Silent Background Mode)
[2026-02-09 21:12:38] ============================================================
[2026-02-09 21:12:42] ✅ Cleaned 1596 temp files
[2026-02-09 21:12:42] 🚀 Optimization Cycle Complete | CPU: 6.2% | RAM: 56.9% | Disk: 13.0% | Actions: Temp: 1596 files
[2026-02-09 21:13:44] System Profile: 4 Cores, 16GB RAM
[2026-02-09 21:13:44] ============================================================
[2026-02-09 21:13:44] 🤖 VYOM OPTIMIZER: ACTIVE (Silent Background Mode)
[2026-02-09 21:13:44] ============================================================
[2026-02-09 21:13:47] ✅ System Healthy | CPU: 7.8% | RAM: 58.1% | Disk: 13.0%
[2026-02-09 21:13:50] System Profile: 4 Cores, 16GB RAM
[2026-02-09 21:13:50] ============================================================
[2026-02-09 21:13:50] 🤖 VYOM OPTIMIZER: ACTIVE (Silent Background Mode)
[2026-02-09 21:13:50] ============================================================
[2026-02-09 21:13:53] ✅ System Healthy | CPU: 6.2% | RAM: 58.1% | Disk: 13.0%
[2026-02-09 21:17:45] ✅ Cleaned 2 temp files
[2026-02-09 21:17:45] ✅ System Healthy | CPU: 5.0% | RAM: 57.8% | Disk: 13.0%
[2026-02-09 21:18:49] ✅ Cleaned 1 temp files
[2026-02-09 21:18:49] ✅ System Healthy | CPU: 3.1% | RAM: 58.9% | Disk: 13.0%
[2026-02-09 21:18:56] ✅ System Healthy | CPU: 13.5% | RAM: 58.8% | Disk: 13.0%
[2026-02-09 21:22:48] ✅ Cleaned 13 temp files
[2026-02-09 21:22:48] 🚀 Optimization Cycle Complete | CPU: 3.1% | RAM: 60.6% | Disk: 13.0% | Actions: Temp: 13 files
[2026-02-09 21:23:52] ✅ Cleaned 5 temp files
[2026-02-09 21:23:52] ✅ System Healthy | CPU: 3.8% | RAM: 57.6% | Disk: 13.0%
[2026-02-09 21:23:59] ✅ System Healthy | CPU: 75.9% | RAM: 58.6% | Disk: 13.0%
[2026-02-09 21:27:51] ✅ Cleaned 8 temp files
[2026-02-09 21:27:51] ✅ System Healthy | CPU: 21.6% | RAM: 58.4% | Disk: 13.0%
[2026-02-09 21:28:55] ✅ Cleaned 1 temp files
[2026-02-09 21:28:55] ✅ System Healthy | CPU: 5.1% | RAM: 59.7% | Disk: 13.0%
[2026-02-09 21:29:02] ✅ Cleaned 2 temp files
[2026-02-09 21:29:02] ✅ System Healthy | CPU: 2.7% | RAM: 59.7% | Disk: 13.0%
[2026-02-09 21:32:54] ✅ Cleaned 10 temp files
[2026-02-09 21:32:54] ✅ System Healthy | CPU: 19.9% | RAM: 56.7% | Disk: 13.0%
[2026-02-09 21:33:58] ✅ Cleaned 1 temp files
[2026-02-09 21:33:58] ✅ System Healthy | CPU: 3.1% | RAM: 55.9% | Disk: 13.0%
[2026-02-09 21:34:05] ✅ System Healthy | CPU: 2.7% | RAM: 55.5% | Disk: 13.0%
[2026-02-09 21:37:57] ✅ Cleaned 1 temp files
[2026-02-09 21:37:57] ✅ System Healthy | CPU: 22.4% | RAM: 57.2% | Disk: 13.0%
[2026-02-09 21:39:00] ✅ System Healthy | CPU: 5.1% | RAM: 57.0% | Disk: 13.0%
[2026-02-09 21:39:08] ✅ System Healthy | CPU: 5.0% | RAM: 57.0% | Disk: 13.0%
[2026-02-09 21:43:00] ✅ System Healthy | CPU: 19.2% | RAM: 57.0% | Disk: 13.0%
[2026-02-09 21:44:04] ✅ System Healthy | CPU: 29.5% | RAM: 57.2% | Disk: 13.0%
[2026-02-09 21:44:11] ✅ System Healthy | CPU: 13.4% | RAM: 57.2% | Disk: 13.0%
[2026-02-09 21:49:07] ✅ Cleaned 6 temp files
[2026-02-09 21:49:07] ✅ System Healthy | CPU: 2.7% | RAM: 57.0% | Disk: 13.0%
[2026-02-09 21:49:14] ✅ System Healthy | CPU: 10.0% | RAM: 56.3% | Disk: 13.0%
[2026-02-09 21:54:09] ✅ Cleaned 7 temp files
[2026-02-09 21:54:09] ✅ System Healthy | CPU: 1.5% | RAM: 56.3% | Disk: 13.0%
[2026-02-09 21:54:17] ✅ System Healthy | CPU: 3.1% | RAM: 56.3% | Disk: 13.0%
[2026-02-09 21:59:12] ✅ Cleaned 9 temp files
[2026-02-09 21:59:12] ✅ System Healthy | CPU: 17.3% | RAM: 56.0% | Disk: 13.0%
[2026-02-09 21:59:12] 🧹 Deep Clean Initiated...
[2026-02-09 21:59:14] 💾 Freed 9.3 MB from browser cache
[2026-02-09 21:59:20] ✅ Cleaned 2 temp files
[2026-02-09 21:59:20] ✅ System Healthy | CPU: 3.9% | RAM: 56.1% | Disk: 13.0%
[2026-02-09 21:59:20] 🧹 Deep Clean Initiated...
[2026-02-09 22:04:17] ✅ Cleaned 5 temp files
[2026-02-09 22:04:17] ✅ System Healthy | CPU: 2.7% | RAM: 57.2% | Disk: 13.0%
[2026-02-09 22:04:24] ✅ System Healthy | CPU: 7.7% | RAM: 57.2% | Disk: 13.0%
[2026-02-09 22:09:20] ✅ System Healthy | CPU: 4.7% | RAM: 55.9% | Disk: 13.0%
[2026-02-09 22:09:27] ✅ System Healthy | CPU: 1.6% | RAM: 56.5% | Disk: 13.0%
[2026-02-09 22:14:23] ✅ Cleaned 7 temp files
[2026-02-09 22:14:23] ✅ System Healthy | CPU: 7.3% | RAM: 55.9% | Disk: 13.0%
[2026-02-09 22:14:31] ✅ System Healthy | CPU: 3.1% | RAM: 56.0% | Disk: 13.0%
[2026-02-09 22:19:26] ✅ Cleaned 7 temp files
[2026-02-09 22:19:26] ✅ System Healthy | CPU: 5.7% | RAM: 57.5% | Disk: 13.0%
[2026-02-09 22:19:34] ✅ System Healthy | CPU: 43.4% | RAM: 59.7% | Disk: 13.0%
